// Jest Snapshot v1, https://goo.gl/fbAQLP

exports[`EventAnimator renders a StaticAnimator when animatedValue was not passed in 1`] = `
<View
  style={
    Object {
      "height": 0,
    }
  }
/>
`;

exports[`EventAnimator renders an EventAnimator when animatedValue was passed in 1`] = `
<View
  style={
    Object {
      "height": 0,
    }
  }
/>
`;
