// Jest Snapshot v1, https://goo.gl/fbAQLP

exports[`renders a EventAnimator from Animator when animatedValue was passed in 1`] = `
<View
  style={
    Object {
      "height": 0,
    }
  }
/>
`;

exports[`renders a StaticAnimator from Animator when animatedValue was not passed in 1`] = `
<View
  style={
    Object {
      "height": 0,
    }
  }
/>
`;
